// Jest Snapshot v1, https://goo.gl/fbAQLP

exports[`movies application shows movie list 1`] = `"<div><h1>List Movies</h1><ul><li> (m) </li><li> (m) </li></ul></div>"`;

exports[`movies application shows new movie form 1`] = `""`;
